Starting trade categorization...

[TOTAL TRADES] Found 5 trades to analyze
[RAW TRADE DATA] Trade 1: {
  status: 'OPEN',
  type: 'BUY',
  entryPrice: 40000,
  exitPrice: null,
  quantity: 1
}
[RAW TRADE DATA] Trade 2: {
  status: 'CLOSED',
  type: 'SELL',
  entryPrice: 2500,
  exitPrice: 2400,
  quantity: 2
}
[RAW TRADE DATA] Trade 3: {
  status: 'CLOSED',
  type: 'BUY',
  entryPrice: 35000,
  exitPrice: 38000,
  quantity: 0.5
}
[RAW TRADE DATA] Trade 4: {
  status: 'CLOSED',
  type: 'BUY',
  entryPrice: 2000,
  exitPrice: 0,
  quantity: 1
}
[RAW TRADE DATA] Trade 5: {
  status: 'CLOSED',
  type: 'SELL',
  entryPrice: 42000,
  exitPrice: 40000,
  quantity: 0.25
}
[OPEN TRADE] Trade 1 - Status: OPEN, Exit Price: null
[PNL CALC] Trade 2: Using stored PnL = 200
[WINNING TRADE] Trade 2 - PnL: 200, Type: SELL
[PNL CALC] Trade 3: Using stored PnL = 1500
[WINNING TRADE] Trade 3 - PnL: 1500, Type: BUY
[INVALID TRADE] Trade 4 - Status: CLOSED, Entry: 2000, Exit: 0
[PNL CALC] Trade 5: Using stored PnL = 500
[WINNING TRADE] Trade 5 - PnL: 500, Type: SELL
[TRADE SUMMARY] Categorization Results: { total: 5, open: 1, winning: 3, losing: 0, breakEven: 0, invalid: 1 }

Categorization complete.
